PASS bot-server.cjs (0s)
PASS cloud-acknowledgement.cjs (0s)
PASS campaign-security.cjs (5s)
PASS convoy-checkpoints-ui.cjs (15s)
PASS convoy-checkpoints.cjs (0s)
PASS creator-server.cjs (0s)
PASS crew-workshop.cjs (2s)
PASS daily-server.cjs (0s)
PASS detail-rules.cjs (1s)
PASS continuation.cjs (51s)
PASS detail-ui.cjs (42s)
PASS a11y-floor.cjs (76s)
PASS echo-checkpoints-ui.cjs (34s)
PASS expedition-model.cjs (0s)
PASS expedition-edges.cjs (18s)
PASS field-rules.cjs (2s)
PASS expeditions.cjs (136s)
PASS first-language-pick.cjs (7s)
PASS field-ui.cjs (136s)
PASS gate-checkpoints-ui.cjs (6s)
PASS echo-checkpoints.cjs (187s)
PASS i18n-ar.cjs (0s)
PASS i18n-coverage.cjs (0s)
PASS integrity-sql.cjs (3s)
PASS launch-integrity-sql.cjs (2s)
PASS launch-integrity-ui.cjs (6s)
PASS leaderboard-server.cjs (0s)
PASS leaderboard-ui.cjs (4s)
PASS life1-geometry-browser.cjs (4s)
PASS life1-geometry-lifecycle.cjs (0s)
PASS first-three.cjs (48s)
PASS lunar-worksite.cjs (1s)
PASS mission-control-server.cjs (0s)
PASS lives.cjs (11s)
PASS mission-control-ui.cjs (57s)
PASS mission-rules.cjs (0s)
PASS no-conflict-markers.cjs (0s)
PASS gate-checkpoints.cjs (133s)
PASS mission-guidance-ui.cjs (112s)
PASS operations-edges.cjs (91s)
PASS pace-server.cjs (0s)
PASS pace-ui.cjs (7s)
PASS prelaunch-media.cjs (27s)
PASS prelaunch-security.cjs (7s)
FAIL open-world-graphics-ui.cjs (170s)
page.waitForFunction: Timeout 20000ms exceeded.
    at /workspace/scratch/423c8b025fa4/moonkatty-game/tests/open-world-graphics-ui.cjs:35:44 {
  name: 'TimeoutError'
}
{"ready":true,"paused":false,"contextLost":false,"position":{"x":-4.821076390789193,"y":0.01333750166186756,"z":11},"camera":{"yaw":0,"pitch":0.29,"distance":18},"heading":-1.5707963230896749,"inspected":[],"nearest":"generator","velocity":{"x":-4.499999421902099,"z":0},"collisions":0,"inputPointers":0,"quality":"auto","pixelRatio":0.85,"drawCalls":115,"triangles":147754,"frames":38,"frameMs":[16.699999999999818,16.59999999999991,16.700000000000273,16.699999999999818,16.59999999999991,16.700000000000273,483.2999999999997,200,3083.2000000000003,733.3000000000002,466.6999999999998,1883.1999999999998,783.2999999999993,733.3000000000011,1466.6000000000004,16.69999999999891,1233.300000000001,1516.5999999999985,883.3000000000011,1783.300000000001,933.1999999999971,1283.300000000003,533.2999999999993,216.70000000000073,466.59999999999854,1116.7000000000007],"engine":"Three.js r170 / WebGL2","persistenceKey":"mkty_graphics_3d_preview_v1"}

PASS reactor-checkpoint-transitions.cjs (1s)
PASS referrals-server.cjs (1s)
PASS release-backend-compatibility.cjs (4s)
PASS reward-account-lifecycle.cjs (0s)
PASS rewards-client-ui.cjs (3s)
PASS rewards-recovery.cjs (0s)
PASS rewards-server.cjs (0s)
PASS prelaunch-ui.cjs (14s)
PASS runtime-recovery.cjs (0s)
PASS server-models.cjs (0s)
PASS social-server.cjs (0s)
PASS social-ui.cjs (3s)
PASS save-transport-compatibility.cjs (9s)
PASS story-next-client.cjs (0s)
PASS story-plan.cjs (1s)
PASS story-edges.cjs (17s)
PASS trace-body-server.cjs (1s)
PASS trace-codec-models.cjs (4s)
PASS trace-codec.cjs (6s)
PASS trace-controller-browser.cjs (3s)
PASS trace-controller-recovery.cjs (0s)
PASS trace-restore-transaction.cjs (1s)
PASS trace-storage-client.cjs (0s)
PASS trace-transport-client.cjs (4s)
PASS viewport.cjs (10s)
PASS visual-preview-source.cjs (0s)
PASS void7-effects.cjs (13s)
PASS operations.cjs (234s)
PASS worlds-edges.cjs (35s)
PASS worlds-release.cjs (14s)
PASS void7.cjs (140s)
